// Jest Snapshot v1, https://goo.gl/fbAQLP

exports[`Components/CustomTabBar should render CustomTabBar component 1`] = `
<View
  accessible={false}
  style={
    {
      "alignItems": "center",
      "backgroundColor": "#262250",
      "borderTopLeftRadius": 30,
      "flexDirection": "row",
      "height": "9%",
      "justifyContent": "space-between",
      "width": "100%",
    }
  }
  testID="View_CustomTabBarID"
>
  <View
    accessible={false}
    collapsable={false}
    style={
      {
        "alignItems": "center",
        "flexDirection": "row",
        "height": "35%",
        "justifyContent": "center",
        "opacity": 1,
        "transform": [
          {
            "scaleX": 1,
          },
          {
            "scaleY": 1,
          },
        ],
      }
    }
    testID="Lottie_CustomTabBarID_tabBarAnimatedView_0"
  >
    <View
      accessible={false}
      collapsable={false}
      focusable={true}
      onClick={[Function]}
      onResponderGrant={[Function]}
      onResponderMove={[Function]}
      onResponderRelease={[Function]}
      onResponderTerminate={[Function]}
      onResponderTerminationRequest={[Function]}
      onStartShouldSetResponder={[Function]}
      style={
        {
          "alignItems": "center",
          "backgroundColor": "#FF409A",
          "borderBottomLeftRadius": 60,
          "borderBottomRightRadius": 60,
          "borderTopLeftRadius": 60,
          "borderTopRightRadius": 60,
          "height": 55,
          "justifyContent": "center",
          "opacity": 1,
          "width": 98,
        }
      }
      testID="TouchableOpacity_CustomTabBarID_tabBarBtn_0"
    >
      <RNSVGSvgView
        align="xMidYMid"
        bbHeight={30}
        bbWidth={30}
        color={4294967295}
        fill="none"
        focusable={false}
        height={30}
        isFocused={true}
        meetOrSlice={0}
        minX={0}
        minY={0}
        stroke="#fff"
        strokeLinecap="round"
        strokeLinejoin="round"
        strokeWidth={2}
        style={
          [
            {
              "backgroundColor": "transparent",
              "borderWidth": 0,
            },
            {},
            {
              "flex": 0,
              "height": 30,
              "width": 30,
            },
          ]
        }
        tintColor={4294967295}
        vbHeight={24}
        vbWidth={24}
        width={30}
      >
        <RNSVGGroup
          fill={null}
          propList={
            [
              "fill",
              "stroke",
              "strokeWidth",
              "strokeLinecap",
              "strokeLinejoin",
            ]
          }
          stroke={4294967295}
          strokeLinecap={1}
          strokeLinejoin={1}
          strokeWidth={2}
        >
          <RNSVGPath
            d="m3 9 9-7 9 7v11a2 2 0 0 1-2 2H5a2 2 0 0 1-2-2z"
          />
          <RNSVGPath
            d="M9 22V12h6v10"
          />
        </RNSVGGroup>
      </RNSVGSvgView>
      <Text
        style={
          {
            "color": "#fff",
            "fontSize": 14,
            "fontWeight": "700",
            "textAlign": "center",
          }
        }
      >
        Home
      </Text>
    </View>
  </View>
  <View
    accessible={false}
    collapsable={false}
    style={
      {
        "alignItems": "center",
        "flexDirection": "row",
        "height": "35%",
        "justifyContent": "center",
        "opacity": 0.5,
        "transform": [
          {
            "scaleX": 1,
          },
          {
            "scaleY": 1,
          },
        ],
      }
    }
    testID="Lottie_CustomTabBarID_tabBarAnimatedView_1"
  >
    <View
      accessible={false}
      collapsable={false}
      focusable={true}
      onClick={[Function]}
      onResponderGrant={[Function]}
      onResponderMove={[Function]}
      onResponderRelease={[Function]}
      onResponderTerminate={[Function]}
      onResponderTerminationRequest={[Function]}
      onStartShouldSetResponder={[Function]}
      style={
        {
          "alignItems": "center",
          "backgroundColor": "transparent",
          "borderBottomLeftRadius": 0,
          "borderBottomRightRadius": 0,
          "borderTopLeftRadius": 0,
          "borderTopRightRadius": 0,
          "height": 45,
          "justifyContent": "center",
          "opacity": 1,
          "width": 98,
        }
      }
      testID="TouchableOpacity_CustomTabBarID_tabBarBtn_1"
    />
  </View>
</View>
`;
